// Jest Snapshot v1, https://goo.gl/fbAQLP

exports[`PlayFreeBonusCreditContainer should render correctly 1`] = `
<div>
  <div
    aria-hidden="true"
    class="MuiBackdrop-root css-kq809n-MuiBackdrop-root"
    data-testid="backdrop-loading"
    style="opacity: 0; visibility: hidden;"
  >
    <div
      class="MuiBox-root css-rmz4vk"
    >
      <span
        class="MuiCircularProgress-root MuiCircularProgress-indeterminate MuiCircularProgress-colorInherit css-62e83j-MuiCircularProgress-root"
        role="progressbar"
        style="width: 55px; height: 55px;"
      >
        <svg
          class="MuiCircularProgress-svg css-1idz92c-MuiCircularProgress-svg"
          viewBox="22 22 44 44"
        >
          <circle
            class="MuiCircularProgress-circle MuiCircularProgress-circleIndeterminate MuiCircularProgress-circleDisableShrink css-79nvmn-MuiCircularProgress-circle"
            cx="44"
            cy="44"
            fill="none"
            r="20.2"
            stroke-width="3.6"
          />
        </svg>
      </span>
      <div
        class="MuiBox-root css-1o8dslu"
      >
        <div
          class="MuiAvatar-root MuiAvatar-circular MuiAvatar-colorDefault css-wn51m9-MuiAvatar-root"
        >
          <svg
            height="36"
            preserveAspectRatio="xMidYMid meet"
            role="loading"
            version="1.0"
            viewBox="0 0 176.000000 192.000000"
            width="28"
            xmlns="http://www.w3.org/2000/svg"
          >
            <circle
              fill="#fff"
              id="top"
            />
            <g
              fill="#2463eb"
              stroke="#2463eb"
              transform="translate(0.000000,192.000000) scale(0.100000,-0.100000)"
            >
              <path
                d="M385 1891 c-40 -10 -66 -27 -90 -59 -18 -25 -20 -45 -23 -229 l-3 -203 60 0 61 0 0 173 c0 94 4 178 8 185 7 10 111 12 488 10 l479 -3 3 -187 2 -188 66 0 65 0 -3 204 c-3 224 -5 230 -72 280 -27 20 -39 21 -519 23 -271 1 -505 -2 -522 -6z"
              />
              <path
                d="M153 1309 c-24 -12 -52 -37 -65 -57 l-23 -37 0 -536 0 -535 25 -37 c46 -68 81 -77 289 -77 l182 0 23 53 24 52 -102 5 c-74 4 -109 10 -132 24 -73 44 -86 129 -39 245 l28 71 143 0 143 0 -15 -35 c-22 -52 -19 -56 33 -53 l47 3 28 69 c15 38 28 75 28 83 0 10 -22 13 -97 13 -79 0 -104 4 -130 20 -87 52 -89 127 -12 315 62 150 121 235 193 280 47 29 56 30 185 35 l136 5 16 35 c9 19 20 45 23 58 l7 22 -448 0 c-434 0 -449 -1 -490 -21z"
              />
              <path
                d="M1255 1275 c-14 -30 -25 -57 -25 -59 0 -3 49 -6 109 -8 105 -3 111 -4 140 -32 59 -57 63 -120 15 -241 l-26 -65 -140 0 -140 0 5 23 c3 12 9 32 12 45 7 21 4 22 -37 22 l-45 0 -29 -72 c-16 -40 -30 -76 -32 -80 -2 -5 36 -8 85 -8 119 -1 166 -21 195 -86 26 -60 22 -92 -31 -223 -60 -148 -87 -197 -139 -253 -75 -81 -105 -92 -258 -96 l-131 -4 -16 -46 c-10 -26 -17 -50 -17 -54 0 -5 184 -8 408 -8 403 0 408 0 452 23 24 12 53 35 64 50 21 28 21 41 24 563 3 597 5 578 -66 632 -34 26 -39 27 -194 30 l-158 3 -25 -56z"
              />
              <path
                d="M843 948 c-8 -13 -63 -140 -63 -146 0 -2 23 -2 51 0 l51 3 29 75 c16 41 29 76 29 78 0 9 -90 -1 -97 -10z"
              />
              <path
                d="M933 493 c-48 -110 -48 -103 1 -103 51 0 55 4 89 93 l25 67 -44 0 -45 0 -26 -57z"
              />
            </g>
          </svg>
        </div>
      </div>
    </div>
  </div>
  <div
    class="flex flex-col gap-2 py-4"
  >
    <form>
      <div
        class="flex flex-col md:flex-row items-start gap-4"
      >
        <div
          class="MuiAutocomplete-root MuiAutocomplete-fullWidth css-qm9mjt-MuiAutocomplete-root"
          name="user"
        >
          <div
            class="MuiFormControl-root MuiFormControl-fullWidth MuiTextField-root css-wb57ya-MuiFormControl-root-MuiTextField-root"
          >
            <label
              class="MuiFormLabel-root MuiInputLabel-root MuiInputLabel-formControl MuiInputLabel-animated MuiInputLabel-sizeSmall MuiInputLabel-outlined MuiFormLabel-colorPrimary MuiInputLabel-root MuiInputLabel-formControl MuiInputLabel-animated MuiInputLabel-sizeSmall MuiInputLabel-outlined css-1pysi21-MuiFormLabel-root-MuiInputLabel-root"
              data-shrink="false"
              for="userId"
              id="userId-label"
            >
              Select User
            </label>
            <div
              class="MuiInputBase-root MuiOutlinedInput-root MuiInputBase-colorPrimary MuiInputBase-fullWidth MuiInputBase-formControl MuiInputBase-sizeSmall MuiInputBase-adornedEnd MuiAutocomplete-inputRoot css-154xyx0-MuiInputBase-root-MuiOutlinedInput-root"
            >
              <input
                aria-autocomplete="list"
                aria-expanded="false"
                aria-invalid="false"
                autocapitalize="none"
                autocomplete="off"
                class="MuiInputBase-input MuiOutlinedInput-input MuiInputBase-inputSizeSmall MuiInputBase-inputAdornedEnd MuiAutocomplete-input MuiAutocomplete-inputFocused css-19qh8xo-MuiInputBase-input-MuiOutlinedInput-input"
                id="userId"
                role="combobox"
                spellcheck="false"
                type="text"
                value=""
              />
              <span
                class="MuiCircularProgress-root MuiCircularProgress-indeterminate MuiCircularProgress-colorInherit css-62e83j-MuiCircularProgress-root"
                role="progressbar"
                style="width: 20px; height: 20px;"
              >
                <svg
                  class="MuiCircularProgress-svg css-1idz92c-MuiCircularProgress-svg"
                  viewBox="22 22 44 44"
                >
                  <circle
                    class="MuiCircularProgress-circle MuiCircularProgress-circleIndeterminate css-176wh8e-MuiCircularProgress-circle"
                    cx="44"
                    cy="44"
                    fill="none"
                    r="20.2"
                    stroke-width="3.6"
                  />
                </svg>
              </span>
              <fieldset
                aria-hidden="true"
                class="MuiOutlinedInput-notchedOutline css-1d3z3hw-MuiOutlinedInput-notchedOutline"
              >
                <legend
                  class="css-yjsfm1"
                >
                  <span>
                    Select User
                  </span>
                </legend>
              </fieldset>
            </div>
          </div>
        </div>
        <div
          class="MuiFormControl-root MuiFormControl-fullWidth MuiTextField-root css-wb57ya-MuiFormControl-root-MuiTextField-root"
        >
          <label
            class="MuiFormLabel-root MuiInputLabel-root MuiInputLabel-formControl MuiInputLabel-animated MuiInputLabel-shrink MuiInputLabel-sizeSmall MuiInputLabel-outlined MuiFormLabel-colorPrimary MuiInputLabel-root MuiInputLabel-formControl MuiInputLabel-animated MuiInputLabel-shrink MuiInputLabel-sizeSmall MuiInputLabel-outlined css-1sumxir-MuiFormLabel-root-MuiInputLabel-root"
            data-shrink="true"
            for="outlined-basic"
            id="outlined-basic-label"
          >
            Amount
          </label>
          <div
            class="MuiInputBase-root MuiOutlinedInput-root MuiInputBase-colorPrimary MuiInputBase-fullWidth MuiInputBase-formControl MuiInputBase-sizeSmall MuiInputBase-adornedStart css-8j6b76-MuiInputBase-root-MuiOutlinedInput-root"
          >
            <div
              class="MuiInputAdornment-root MuiInputAdornment-positionStart MuiInputAdornment-outlined MuiInputAdornment-sizeSmall css-ittuaa-MuiInputAdornment-root"
            >
              <p
                class="MuiTypography-root MuiTypography-body1 css-1pnmrwp-MuiTypography-root"
              >
                $
              </p>
            </div>
            <input
              aria-invalid="false"
              class="MuiInputBase-input MuiOutlinedInput-input MuiInputBase-inputSizeSmall MuiInputBase-inputAdornedStart css-1ua80n0-MuiInputBase-input-MuiOutlinedInput-input"
              id="outlined-basic"
              name="creditAmount"
              type="number"
              value=""
            />
            <fieldset
              aria-hidden="true"
              class="MuiOutlinedInput-notchedOutline css-1d3z3hw-MuiOutlinedInput-notchedOutline"
            >
              <legend
                class="css-14lo706"
              >
                <span>
                  Amount
                </span>
              </legend>
            </fieldset>
          </div>
        </div>
        <button
          class="MuiButtonBase-root MuiButton-root MuiButton-contained MuiButton-containedPrimary MuiButton-sizeMedium MuiButton-containedSizeMedium MuiButton-root MuiButton-contained MuiButton-containedPrimary MuiButton-sizeMedium MuiButton-containedSizeMedium css-sghohy-MuiButtonBase-root-MuiButton-root"
          name="submit"
          tabindex="0"
          type="submit"
        >
          Submit
          <span
            class="MuiTouchRipple-root css-8je8zh-MuiTouchRipple-root"
          />
        </button>
      </div>
    </form>
  </div>
  <div
    class="flex flex-col gap-2"
  >
    <span
      class="text-lg font-bold"
    >
      Bonus Credit Transactions
    </span>
    <div
      style="height: 300px; width: 100%;"
    >
      <div
        aria-colcount="6"
        aria-multiselectable="false"
        aria-rowcount="1"
        class="MuiDataGrid-root MuiDataGrid-root--densityStandard MuiDataGrid-withBorderColor css-1usso8h-MuiDataGrid-root"
        role="grid"
      >
        <div />
        <div
          class="MuiDataGrid-main css-204u17-MuiDataGrid-main"
        >
          <div
            class="MuiDataGrid-columnHeaders MuiDataGrid-withBorderColor css-1iyq7zh-MuiDataGrid-columnHeaders"
            style="min-height: 56px; max-height: 56px; line-height: 56px;"
          >
            <div
              class="MuiDataGrid-columnHeadersInner css-gl260s-MuiDataGrid-columnHeadersInner"
              role="rowgroup"
              style="transform: translate3d(0px, 0px, 0px);"
            >
              <div
                aria-rowindex="1"
                class="css-yrdy0g-MuiDataGrid-columnHeaderRow"
                role="row"
              >
                <div
                  aria-colindex="1"
                  aria-label="Transaction ID"
                  aria-sort="none"
                  class="MuiDataGrid-columnHeader MuiDataGrid-columnHeader--sortable MuiDataGrid-withBorderColor"
                  data-field="id"
                  role="columnheader"
                  style="height: 56px; width: 0px; min-width: 0; max-width: 0;"
                  tabindex="0"
                >
                  <div
                    class="MuiDataGrid-columnHeaderDraggableContainer"
                    draggable="false"
                  >
                    <div
                      class="MuiDataGrid-columnHeaderTitleContainer"
                    >
                      <div
                        class="MuiDataGrid-columnHeaderTitleContainerContent"
                      >
                        <div
                          aria-label=""
                          class="MuiDataGrid-columnHeaderTitle css-t89xny-MuiDataGrid-columnHeaderTitle"
                          data-mui-internal-clone-element="true"
                        >
                          Transaction ID
                        </div>
                      </div>
                      <div
                        class="MuiDataGrid-iconButtonContainer css-ltf0zy-MuiDataGrid-iconButtonContainer"
                      >
                        <button
                          aria-label="Sort"
                          class="MuiButtonBase-root MuiIconButton-root MuiIconButton-sizeSmall css-1pe4mpk-MuiButtonBase-root-MuiIconButton-root"
                          tabindex="-1"
                          title="Sort"
                          type="button"
                        >
                          <svg
                            aria-hidden="true"
                            class="MuiSvgIcon-root MuiSvgIcon-fontSizeSmall MuiDataGrid-sortIcon css-ptiqhd-MuiSvgIcon-root"
                            data-testid="ArrowUpwardIcon"
                            focusable="false"
                            viewBox="0 0 24 24"
                          >
                            <path
                              d="M4 12l1.41 1.41L11 7.83V20h2V7.83l5.58 5.59L20 12l-8-8-8 8z"
                            />
                          </svg>
                          <span
                            class="MuiTouchRipple-root css-8je8zh-MuiTouchRipple-root"
                          />
                        </button>
                      </div>
                    </div>
                    <div
                      class="MuiDataGrid-menuIcon"
                    >
                      <button
                        aria-controls=":r4:"
                        aria-haspopup="true"
                        aria-label="Menu"
                        class="MuiButtonBase-root MuiIconButton-root MuiIconButton-sizeSmall MuiDataGrid-menuIconButton css-1pe4mpk-MuiButtonBase-root-MuiIconButton-root"
                        data-mui-internal-clone-element="true"
                        id=":r5:"
                        tabindex="-1"
                        type="button"
                      >
                        <svg
                          aria-hidden="true"
                          class="MuiSvgIcon-root MuiSvgIcon-fontSizeSmall css-ptiqhd-MuiSvgIcon-root"
                          data-testid="TripleDotsVerticalIcon"
                          focusable="false"
                          viewBox="0 0 24 24"
                        >
                          <path
                            d="M12 8c1.1 0 2-.9 2-2s-.9-2-2-2-2 .9-2 2 .9 2 2 2zm0 2c-1.1 0-2 .9-2 2s.9 2 2 2 2-.9 2-2-.9-2-2-2zm0 6c-1.1 0-2 .9-2 2s.9 2 2 2 2-.9 2-2-.9-2-2-2z"
                          />
                        </svg>
                        <span
                          class="MuiTouchRipple-root css-8je8zh-MuiTouchRipple-root"
                        />
                      </button>
                    </div>
                  </div>
                  <div
                    class="MuiDataGrid-columnSeparator MuiDataGrid-columnSeparator--sideRight"
                    style="min-height: 56px; opacity: 1;"
                  >
                    <svg
                      aria-hidden="true"
                      class="MuiSvgIcon-root MuiSvgIcon-fontSizeMedium MuiDataGrid-iconSeparator css-i4bv87-MuiSvgIcon-root"
                      data-testid="SeparatorIcon"
                      focusable="false"
                      viewBox="0 0 24 24"
                    >
                      <path
                        d="M11 19V5h2v14z"
                      />
                    </svg>
                  </div>
                </div>
                <div
                  aria-colindex="2"
                  aria-label="Transaction Date"
                  aria-sort="none"
                  class="MuiDataGrid-columnHeader MuiDataGrid-columnHeader--sortable MuiDataGrid-withBorderColor"
                  data-field="transactionDate"
                  role="columnheader"
                  style="height: 56px; width: 0px; min-width: 0; max-width: 0;"
                  tabindex="-1"
                >
                  <div
                    class="MuiDataGrid-columnHeaderDraggableContainer"
                    draggable="false"
                  >
                    <div
                      class="MuiDataGrid-columnHeaderTitleContainer"
                    >
                      <div
                        class="MuiDataGrid-columnHeaderTitleContainerContent"
                      >
                        <div
                          aria-label=""
                          class="MuiDataGrid-columnHeaderTitle css-t89xny-MuiDataGrid-columnHeaderTitle"
                          data-mui-internal-clone-element="true"
                        >
                          Transaction Date
                        </div>
                      </div>
                      <div
                        class="MuiDataGrid-iconButtonContainer css-ltf0zy-MuiDataGrid-iconButtonContainer"
                      >
                        <button
                          aria-label="Sort"
                          class="MuiButtonBase-root MuiIconButton-root MuiIconButton-sizeSmall css-1pe4mpk-MuiButtonBase-root-MuiIconButton-root"
                          tabindex="-1"
                          title="Sort"
                          type="button"
                        >
                          <svg
                            aria-hidden="true"
                            class="MuiSvgIcon-root MuiSvgIcon-fontSizeSmall MuiDataGrid-sortIcon css-ptiqhd-MuiSvgIcon-root"
                            data-testid="ArrowUpwardIcon"
                            focusable="false"
                            viewBox="0 0 24 24"
                          >
                            <path
                              d="M4 12l1.41 1.41L11 7.83V20h2V7.83l5.58 5.59L20 12l-8-8-8 8z"
                            />
                          </svg>
                          <span
                            class="MuiTouchRipple-root css-8je8zh-MuiTouchRipple-root"
                          />
                        </button>
                      </div>
                    </div>
                    <div
                      class="MuiDataGrid-menuIcon"
                    >
                      <button
                        aria-controls=":r8:"
                        aria-haspopup="true"
                        aria-label="Menu"
                        class="MuiButtonBase-root MuiIconButton-root MuiIconButton-sizeSmall MuiDataGrid-menuIconButton css-1pe4mpk-MuiButtonBase-root-MuiIconButton-root"
                        data-mui-internal-clone-element="true"
                        id=":r9:"
                        tabindex="-1"
                        type="button"
                      >
                        <svg
                          aria-hidden="true"
                          class="MuiSvgIcon-root MuiSvgIcon-fontSizeSmall css-ptiqhd-MuiSvgIcon-root"
                          data-testid="TripleDotsVerticalIcon"
                          focusable="false"
                          viewBox="0 0 24 24"
                        >
                          <path
                            d="M12 8c1.1 0 2-.9 2-2s-.9-2-2-2-2 .9-2 2 .9 2 2 2zm0 2c-1.1 0-2 .9-2 2s.9 2 2 2 2-.9 2-2-.9-2-2-2zm0 6c-1.1 0-2 .9-2 2s.9 2 2 2 2-.9 2-2-.9-2-2-2z"
                          />
                        </svg>
                        <span
                          class="MuiTouchRipple-root css-8je8zh-MuiTouchRipple-root"
                        />
                      </button>
                    </div>
                  </div>
                  <div
                    class="MuiDataGrid-columnSeparator MuiDataGrid-columnSeparator--sideRight"
                    style="min-height: 56px; opacity: 1;"
                  >
                    <svg
                      aria-hidden="true"
                      class="MuiSvgIcon-root MuiSvgIcon-fontSizeMedium MuiDataGrid-iconSeparator css-i4bv87-MuiSvgIcon-root"
                      data-testid="SeparatorIcon"
                      focusable="false"
                      viewBox="0 0 24 24"
                    >
                      <path
                        d="M11 19V5h2v14z"
                      />
                    </svg>
                  </div>
                </div>
                <div
                  aria-colindex="3"
                  aria-label="Type"
                  aria-sort="none"
                  class="MuiDataGrid-columnHeader MuiDataGrid-columnHeader--sortable MuiDataGrid-withBorderColor"
                  data-field="type"
                  role="columnheader"
                  style="height: 56px; width: 0px; min-width: 0; max-width: 0;"
                  tabindex="-1"
                >
                  <div
                    class="MuiDataGrid-columnHeaderDraggableContainer"
                    draggable="false"
                  >
                    <div
                      class="MuiDataGrid-columnHeaderTitleContainer"
                    >
                      <div
                        class="MuiDataGrid-columnHeaderTitleContainerContent"
                      >
                        <div
                          aria-label=""
                          class="MuiDataGrid-columnHeaderTitle css-t89xny-MuiDataGrid-columnHeaderTitle"
                          data-mui-internal-clone-element="true"
                        >
                          Type
                        </div>
                      </div>
                      <div
                        class="MuiDataGrid-iconButtonContainer css-ltf0zy-MuiDataGrid-iconButtonContainer"
                      >
                        <button
                          aria-label="Sort"
                          class="MuiButtonBase-root MuiIconButton-root MuiIconButton-sizeSmall css-1pe4mpk-MuiButtonBase-root-MuiIconButton-root"
                          tabindex="-1"
                          title="Sort"
                          type="button"
                        >
                          <svg
                            aria-hidden="true"
                            class="MuiSvgIcon-root MuiSvgIcon-fontSizeSmall MuiDataGrid-sortIcon css-ptiqhd-MuiSvgIcon-root"
                            data-testid="ArrowUpwardIcon"
                            focusable="false"
                            viewBox="0 0 24 24"
                          >
                            <path
                              d="M4 12l1.41 1.41L11 7.83V20h2V7.83l5.58 5.59L20 12l-8-8-8 8z"
                            />
                          </svg>
                          <span
                            class="MuiTouchRipple-root css-8je8zh-MuiTouchRipple-root"
                          />
                        </button>
                      </div>
                    </div>
                    <div
                      class="MuiDataGrid-menuIcon"
                    >
                      <button
                        aria-controls=":rc:"
                        aria-haspopup="true"
                        aria-label="Menu"
                        class="MuiButtonBase-root MuiIconButton-root MuiIconButton-sizeSmall MuiDataGrid-menuIconButton css-1pe4mpk-MuiButtonBase-root-MuiIconButton-root"
                        data-mui-internal-clone-element="true"
                        id=":rd:"
                        tabindex="-1"
                        type="button"
                      >
                        <svg
                          aria-hidden="true"
                          class="MuiSvgIcon-root MuiSvgIcon-fontSizeSmall css-ptiqhd-MuiSvgIcon-root"
                          data-testid="TripleDotsVerticalIcon"
                          focusable="false"
                          viewBox="0 0 24 24"
                        >
                          <path
                            d="M12 8c1.1 0 2-.9 2-2s-.9-2-2-2-2 .9-2 2 .9 2 2 2zm0 2c-1.1 0-2 .9-2 2s.9 2 2 2 2-.9 2-2-.9-2-2-2zm0 6c-1.1 0-2 .9-2 2s.9 2 2 2 2-.9 2-2-.9-2-2-2z"
                          />
                        </svg>
                        <span
                          class="MuiTouchRipple-root css-8je8zh-MuiTouchRipple-root"
                        />
                      </button>
                    </div>
                  </div>
                  <div
                    class="MuiDataGrid-columnSeparator MuiDataGrid-columnSeparator--sideRight"
                    style="min-height: 56px; opacity: 1;"
                  >
                    <svg
                      aria-hidden="true"
                      class="MuiSvgIcon-root MuiSvgIcon-fontSizeMedium MuiDataGrid-iconSeparator css-i4bv87-MuiSvgIcon-root"
                      data-testid="SeparatorIcon"
                      focusable="false"
                      viewBox="0 0 24 24"
                    >
                      <path
                        d="M11 19V5h2v14z"
                      />
                    </svg>
                  </div>
                </div>
              </div>
            </div>
          </div>
          <div
            style="flex: 1 1 0px; overflow: auto;"
          >
            <div
              class="MuiDataGrid-virtualScroller css-axafay-MuiDataGrid-virtualScroller"
              style="overflow-x: hidden;"
            >
              <div
                class="MuiDataGrid-overlayWrapper css-ql19fo-MuiDataGrid-overlayWrapper"
              >
                <div
                  class="MuiDataGrid-overlayWrapperInner css-1akuw9y-MuiDataGrid-overlayWrapperInner"
                  style="height: -56px; width: 0px;"
                >
                  <div
                    class="MuiDataGrid-overlay css-1w53k9d-MuiDataGrid-overlay"
                  >
                    No rows
                  </div>
                </div>
              </div>
              <div
                class="MuiDataGrid-virtualScrollerContent MuiDataGrid-virtualScrollerContent--overflowed css-1kwdphh-MuiDataGrid-virtualScrollerContent"
                style="width: auto; height: 1px; min-height: auto;"
              >
                <div
                  class="MuiDataGrid-virtualScrollerRenderZone css-s1v7zr-MuiDataGrid-virtualScrollerRenderZone"
                  style="transform: translate3d(0px, undefinedpx, 0px);"
                />
              </div>
            </div>
          </div>
          <div
            class="Mui-resizeTriggers"
          >
            <div
              class="expand-trigger"
            >
              <div
                style="width: 1px; height: 1px;"
              />
            </div>
            <div
              class="contract-trigger"
            />
          </div>
        </div>
        <div
          class="flex p-2 text-lg gap-2 divide-x-2 items-center"
        >
          <p
            class="p-2"
          >
            Total Bonus Credits:
             
            <span
              class="font-semibold"
            >
              0.00
            </span>
          </p>
          <p
            class="p-2"
          >
            Total Bonus Credit Balance:
             
            <span
              class="font-semibold"
            >
              0.00
            </span>
          </p>
        </div>
      </div>
    </div>
  </div>
</div>
`;
