// Jest Snapshot v1, https://goo.gl/fbAQLP

exports[`getUserTotalBalanceBatch should return user total balance 1`] = `
Array [
  Object {
    "creditAmount": 96,
    "totalAmount": 269,
    "totalCashAmount": 173,
    "unPlayedAmount": 964,
    "user": Object {
      "DOB": "1986-11-06T00:00:00.000Z",
      "Transactions": undefined,
      "address1": "",
      "address2": "",
      "agentId": null,
      "city": "",
      "email": "playfree9800@gmail.com",
      "firstname": "ANTRON",
      "id": "2c1cbb95-5b1f-4bf5-8eda-dc5af334b77b",
      "identityStatus": true,
      "isAdmin": false,
      "isFirstDeposit": false,
      "lastname": "HURT",
      "phone": null,
      "postalCode": "",
      "reasonCodes": Array [
        "LL-GEO-US-NJ",
        "LL-GEO-US-NY",
        "LL-BLOCK-PH",
        "LL-ALERT-DIST",
        "LL-BLOCK-US-NY",
        "ID-FAIL",
        "LL-BLOCK",
        "ID-UNKN",
        "ID-VERIFIED",
        "LL-GEO-PH",
        "LL-OUT-US",
      ],
      "referral": null,
      "state": "CA",
      "type": "PLAYER",
      "username": "playfree9800",
    },
    "withdrawableAmount": 173,
  },
  Object {
    "creditAmount": 0,
    "totalAmount": 62.5,
    "totalCashAmount": 62.5,
    "unPlayedAmount": 50,
    "user": Object {
      "DOB": "1997-06-30T00:00:00.000Z",
      "Transactions": undefined,
      "address1": "520 SE 5th ave",
      "address2": "",
      "agentId": null,
      "city": "Fort Lauderdale",
      "email": "sam.kreul@lockspread.com",
      "firstname": "Sam",
      "id": "39b1e5db-d375-4358-aec9-28ce971985de",
      "identityStatus": true,
      "isAdmin": false,
      "isFirstDeposit": false,
      "lastname": "Kreul",
      "phone": "2624228625",
      "postalCode": "53045",
      "reasonCodes": Array [
        "ID-VERIFIED",
        "LL-GEO-US-FL",
      ],
      "referral": "Danielgroup12",
      "state": "FL",
      "type": "PLAYER",
      "username": "Samkreul",
    },
    "withdrawableAmount": 62.5,
  },
]
`;
