// Jest Snapshot v1, https://goo.gl/fbAQLP

exports[`ChallengeHeader should render correctly 1`] = `
<div>
  <div
    class="flex flex-col lg:flex-row lg:justify-between text-white py-4 px-4 bg-primary min-h-[100px] gap-4"
  >
    <div
      class="flex flex-grow justify-center items-center bg-secondary rounded-lg p-4 gap-2"
    >
      <svg
        aria-hidden="true"
        class="MuiSvgIcon-root MuiSvgIcon-fontSizeSmall css-ptiqhd-MuiSvgIcon-root"
        data-testid="StarRateIcon"
        focusable="false"
        viewBox="0 0 24 24"
      >
        <path
          d="M14.43 10 12 2l-2.43 8H2l6.18 4.41L5.83 22 12 17.31 18.18 22l-2.35-7.59L22 10z"
        />
      </svg>
      Pick 2-4 players. Predict if they will get MORE or LESS than their projection.
    </div>
    <div
      class="flex flex-row gap-5 justify-around items-center"
    >
      <button
        class="text-white normal-case font-semibold"
      >
        Contact Us
      </button>
      <span
        class="h-1 w-1 rounded-full bg-white"
      />
      <button
        class="text-white normal-case font-semibold"
      >
        How To Play
      </button>
      <span
        class="h-1 w-1 rounded-full bg-white hidden"
      />
      <button
        class="text-white normal-case font-semibold hidden"
      >
        Scoring Chart
      </button>
    </div>
  </div>
</div>
`;
