// Jest Snapshot v1, https://goo.gl/fbAQLP

exports[`LineExposure should render correctly 1`] = `
Object {
  "asFragment": [Function],
  "baseElement": <body>
    <div>
      <div
        class="flex flex-col gap-2 p-2"
      >
        <div
          class="flex flex-row gap-2 items-center"
        >
          <div
            class="MuiFormControl-root MuiTextField-root css-10qkx7n-MuiFormControl-root-MuiTextField-root"
          >
            <label
              class="MuiFormLabel-root MuiInputLabel-root MuiInputLabel-formControl MuiInputLabel-animated MuiInputLabel-shrink MuiInputLabel-sizeSmall MuiInputLabel-outlined MuiFormLabel-colorPrimary MuiFormLabel-filled MuiInputLabel-root MuiInputLabel-formControl MuiInputLabel-animated MuiInputLabel-shrink MuiInputLabel-sizeSmall MuiInputLabel-outlined css-1jy569b-MuiFormLabel-root-MuiInputLabel-root"
              data-shrink="true"
              for="league"
              id="league-label"
            >
              Select league
            </label>
            <div
              class="MuiInputBase-root MuiOutlinedInput-root MuiInputBase-colorPrimary MuiInputBase-formControl MuiInputBase-sizeSmall css-9ddj71-MuiInputBase-root-MuiOutlinedInput-root"
            >
              <div
                aria-expanded="false"
                aria-haspopup="listbox"
                aria-labelledby="league-label league"
                class="MuiSelect-select MuiSelect-outlined MuiInputBase-input MuiOutlinedInput-input MuiInputBase-inputSizeSmall css-jedpe8-MuiSelect-select-MuiInputBase-input-MuiOutlinedInput-input"
                id="league"
                role="button"
                tabindex="0"
              >
                NBA
              </div>
              <input
                aria-hidden="true"
                aria-invalid="false"
                class="MuiSelect-nativeInput css-yf8vq0-MuiSelect-nativeInput"
                tabindex="-1"
                value="NBA"
              />
              <svg
                aria-hidden="true"
                class="MuiSvgIcon-root MuiSvgIcon-fontSizeMedium MuiSelect-icon MuiSelect-iconOutlined css-hfutr2-MuiSvgIcon-root-MuiSelect-icon"
                data-testid="ArrowDropDownIcon"
                focusable="false"
                viewBox="0 0 24 24"
              >
                <path
                  d="M7 10l5 5 5-5z"
                />
              </svg>
              <fieldset
                aria-hidden="true"
                class="MuiOutlinedInput-notchedOutline css-1d3z3hw-MuiOutlinedInput-notchedOutline"
              >
                <legend
                  class="css-14lo706"
                >
                  <span>
                    Select league
                  </span>
                </legend>
              </fieldset>
            </div>
          </div>
          <div
            class="flex w-full justify-start gap-2"
          >
            <div
              class="MuiFormControl-root MuiFormControl-marginDense MuiFormControl-fullWidth MuiTextField-root css-1z10yd4-MuiFormControl-root-MuiTextField-root"
            >
              <label
                class="MuiFormLabel-root MuiInputLabel-root MuiInputLabel-formControl MuiInputLabel-animated MuiInputLabel-shrink MuiInputLabel-sizeSmall MuiInputLabel-outlined MuiFormLabel-colorPrimary MuiFormLabel-filled MuiInputLabel-root MuiInputLabel-formControl MuiInputLabel-animated MuiInputLabel-shrink MuiInputLabel-sizeSmall MuiInputLabel-outlined css-1jy569b-MuiFormLabel-root-MuiInputLabel-root"
                data-shrink="true"
                for=":r2:"
                id=":r2:-label"
              >
                Start Date
              </label>
              <div
                class="MuiInputBase-root MuiOutlinedInput-root MuiInputBase-colorPrimary MuiInputBase-fullWidth MuiInputBase-formControl MuiInputBase-sizeSmall Mui-readOnly MuiInputBase-readOnly css-md26zr-MuiInputBase-root-MuiOutlinedInput-root"
              >
                <input
                  aria-invalid="false"
                  aria-label="Choose date, selected date is Dec 25, 2020"
                  autocomplete="off"
                  class="MuiInputBase-input MuiOutlinedInput-input MuiInputBase-inputSizeSmall Mui-readOnly MuiInputBase-readOnly css-1n4twyu-MuiInputBase-input-MuiOutlinedInput-input"
                  id=":r2:"
                  inputmode="text"
                  placeholder="MM/DD/YYYY"
                  readonly=""
                  type="text"
                  value="12/25/2020"
                />
                <fieldset
                  aria-hidden="true"
                  class="MuiOutlinedInput-notchedOutline css-1d3z3hw-MuiOutlinedInput-notchedOutline"
                >
                  <legend
                    class="css-14lo706"
                  >
                    <span>
                      Start Date
                    </span>
                  </legend>
                </fieldset>
              </div>
            </div>
            <div
              class="MuiFormControl-root MuiFormControl-marginDense MuiFormControl-fullWidth MuiTextField-root css-1z10yd4-MuiFormControl-root-MuiTextField-root"
            >
              <label
                class="MuiFormLabel-root MuiInputLabel-root MuiInputLabel-formControl MuiInputLabel-animated MuiInputLabel-shrink MuiInputLabel-sizeSmall MuiInputLabel-outlined MuiFormLabel-colorPrimary MuiFormLabel-filled MuiInputLabel-root MuiInputLabel-formControl MuiInputLabel-animated MuiInputLabel-shrink MuiInputLabel-sizeSmall MuiInputLabel-outlined css-1jy569b-MuiFormLabel-root-MuiInputLabel-root"
                data-shrink="true"
                for=":r5:"
                id=":r5:-label"
              >
                End Date
              </label>
              <div
                class="MuiInputBase-root MuiOutlinedInput-root MuiInputBase-colorPrimary MuiInputBase-fullWidth MuiInputBase-formControl MuiInputBase-sizeSmall Mui-readOnly MuiInputBase-readOnly css-md26zr-MuiInputBase-root-MuiOutlinedInput-root"
              >
                <input
                  aria-invalid="false"
                  aria-label="Choose date, selected date is Jan 1, 2021"
                  autocomplete="off"
                  class="MuiInputBase-input MuiOutlinedInput-input MuiInputBase-inputSizeSmall Mui-readOnly MuiInputBase-readOnly css-1n4twyu-MuiInputBase-input-MuiOutlinedInput-input"
                  id=":r5:"
                  inputmode="text"
                  placeholder="MM/DD/YYYY"
                  readonly=""
                  type="text"
                  value="01/01/2021"
                />
                <fieldset
                  aria-hidden="true"
                  class="MuiOutlinedInput-notchedOutline css-1d3z3hw-MuiOutlinedInput-notchedOutline"
                >
                  <legend
                    class="css-14lo706"
                  >
                    <span>
                      End Date
                    </span>
                  </legend>
                </fieldset>
              </div>
            </div>
          </div>
        </div>
        <div
          class="MuiBox-root css-8atqhb"
        >
          <div
            class="MuiPaper-root MuiPaper-elevation MuiPaper-rounded MuiPaper-elevation1 css-1mxz8qt-MuiPaper-root"
          >
            <div
              class="MuiToolbar-root MuiToolbar-gutters MuiToolbar-regular bg-blue-500 text-white css-xvd0n5-MuiToolbar-root"
            >
              <h5
                class="MuiTypography-root MuiTypography-h5 css-ag7rrr-MuiTypography-root"
              >
                Line Exposure
              </h5>
            </div>
            <div
              class="MuiPaper-root MuiPaper-elevation MuiPaper-rounded MuiPaper-elevation1 MuiTableContainer-root css-11xur9t-MuiPaper-root-MuiTableContainer-root"
            >
              <table
                aria-label="Line Exposure"
                class="MuiTable-root css-rqglhn-MuiTable-root"
              >
                <thead
                  class="MuiTableHead-root css-15wwp11-MuiTableHead-root"
                >
                  <tr
                    class="MuiTableRow-root MuiTableRow-head css-1q1u3t4-MuiTableRow-root"
                  >
                    <th
                      class="MuiTableCell-root MuiTableCell-head MuiTableCell-alignCenter MuiTableCell-sizeMedium css-1uhqakm-MuiTableCell-root"
                      colspan="1"
                      scope="col"
                    />
                    <th
                      class="MuiTableCell-root MuiTableCell-head MuiTableCell-alignCenter MuiTableCell-sizeMedium css-1uhqakm-MuiTableCell-root"
                      colspan="1"
                      scope="col"
                    />
                    <th
                      class="MuiTableCell-root MuiTableCell-head MuiTableCell-alignCenter MuiTableCell-sizeMedium css-1uhqakm-MuiTableCell-root"
                      colspan="1"
                      scope="col"
                    />
                    <th
                      class="MuiTableCell-root MuiTableCell-head MuiTableCell-alignCenter MuiTableCell-sizeMedium css-1uhqakm-MuiTableCell-root"
                      colspan="1"
                      scope="col"
                    />
                    <th
                      class="MuiTableCell-root MuiTableCell-head MuiTableCell-alignCenter MuiTableCell-sizeMedium css-1uhqakm-MuiTableCell-root"
                      colspan="1"
                      scope="col"
                    />
                    <th
                      class="MuiTableCell-root MuiTableCell-head MuiTableCell-alignCenter MuiTableCell-sizeMedium css-1uhqakm-MuiTableCell-root"
                      colspan="1"
                      scope="col"
                    />
                    <th
                      class="MuiTableCell-root MuiTableCell-head MuiTableCell-alignCenter MuiTableCell-sizeMedium css-1uhqakm-MuiTableCell-root"
                      colspan="1"
                      scope="col"
                    />
                    <th
                      class="MuiTableCell-root MuiTableCell-head MuiTableCell-alignCenter MuiTableCell-sizeMedium css-1uhqakm-MuiTableCell-root"
                      colspan="2"
                      scope="col"
                    >
                      <span
                        class="MuiButtonBase-root MuiTableSortLabel-root css-1qgma8u-MuiButtonBase-root-MuiTableSortLabel-root"
                        role="button"
                        tabindex="0"
                      >
                        <div
                          class=""
                        >
                          Odds
                        </div>
                        <svg
                          aria-hidden="true"
                          class="MuiSvgIcon-root MuiSvgIcon-fontSizeMedium MuiTableSortLabel-icon MuiTableSortLabel-iconDirectionAsc css-1vweko9-MuiSvgIcon-root-MuiTableSortLabel-icon"
                          data-testid="ArrowDownwardIcon"
                          focusable="false"
                          viewBox="0 0 24 24"
                        >
                          <path
                            d="M20 12l-1.41-1.41L13 16.17V4h-2v12.17l-5.58-5.59L4 12l8 8 8-8z"
                          />
                        </svg>
                      </span>
                    </th>
                    <th
                      class="MuiTableCell-root MuiTableCell-head MuiTableCell-alignCenter MuiTableCell-sizeMedium css-1uhqakm-MuiTableCell-root"
                      colspan="2"
                      scope="col"
                    >
                      <span
                        class="MuiButtonBase-root MuiTableSortLabel-root css-1qgma8u-MuiButtonBase-root-MuiTableSortLabel-root"
                        role="button"
                        tabindex="0"
                      >
                        <div
                          class=""
                        >
                          Exposure
                        </div>
                        <svg
                          aria-hidden="true"
                          class="MuiSvgIcon-root MuiSvgIcon-fontSizeMedium MuiTableSortLabel-icon MuiTableSortLabel-iconDirectionAsc css-1vweko9-MuiSvgIcon-root-MuiTableSortLabel-icon"
                          data-testid="ArrowDownwardIcon"
                          focusable="false"
                          viewBox="0 0 24 24"
                        >
                          <path
                            d="M20 12l-1.41-1.41L13 16.17V4h-2v12.17l-5.58-5.59L4 12l8 8 8-8z"
                          />
                        </svg>
                      </span>
                    </th>
                    <th
                      class="MuiTableCell-root MuiTableCell-head MuiTableCell-alignCenter MuiTableCell-sizeMedium css-1uhqakm-MuiTableCell-root"
                      colspan="1"
                      scope="col"
                    />
                    <th
                      class="MuiTableCell-root MuiTableCell-head MuiTableCell-alignCenter MuiTableCell-sizeMedium css-1uhqakm-MuiTableCell-root"
                      colspan="1"
                      scope="col"
                    />
                  </tr>
                  <tr
                    class="MuiTableRow-root MuiTableRow-head css-1q1u3t4-MuiTableRow-root"
                  >
                    <th
                      class="MuiTableCell-root MuiTableCell-head MuiTableCell-alignCenter MuiTableCell-sizeMedium css-1uhqakm-MuiTableCell-root"
                      colspan="1"
                      scope="col"
                    >
                      <span
                        class="MuiButtonBase-root MuiTableSortLabel-root css-1qgma8u-MuiButtonBase-root-MuiTableSortLabel-root"
                        role="button"
                        tabindex="0"
                      >
                        <div
                          class="cursor-pointer select-none"
                        >
                          ID
                        </div>
                        <svg
                          aria-hidden="true"
                          class="MuiSvgIcon-root MuiSvgIcon-fontSizeMedium MuiTableSortLabel-icon MuiTableSortLabel-iconDirectionAsc css-1vweko9-MuiSvgIcon-root-MuiTableSortLabel-icon"
                          data-testid="ArrowDownwardIcon"
                          focusable="false"
                          viewBox="0 0 24 24"
                        >
                          <path
                            d="M20 12l-1.41-1.41L13 16.17V4h-2v12.17l-5.58-5.59L4 12l8 8 8-8z"
                          />
                        </svg>
                      </span>
                    </th>
                    <th
                      class="MuiTableCell-root MuiTableCell-head MuiTableCell-alignCenter MuiTableCell-sizeMedium css-1uhqakm-MuiTableCell-root"
                      colspan="1"
                      scope="col"
                    >
                      <span
                        class="MuiButtonBase-root MuiTableSortLabel-root css-1qgma8u-MuiButtonBase-root-MuiTableSortLabel-root"
                        role="button"
                        tabindex="0"
                      >
                        <div
                          class="cursor-pointer select-none"
                        >
                          League
                        </div>
                        <svg
                          aria-hidden="true"
                          class="MuiSvgIcon-root MuiSvgIcon-fontSizeMedium MuiTableSortLabel-icon MuiTableSortLabel-iconDirectionAsc css-1vweko9-MuiSvgIcon-root-MuiTableSortLabel-icon"
                          data-testid="ArrowDownwardIcon"
                          focusable="false"
                          viewBox="0 0 24 24"
                        >
                          <path
                            d="M20 12l-1.41-1.41L13 16.17V4h-2v12.17l-5.58-5.59L4 12l8 8 8-8z"
                          />
                        </svg>
                      </span>
                    </th>
                    <th
                      class="MuiTableCell-root MuiTableCell-head MuiTableCell-alignCenter MuiTableCell-sizeMedium css-1uhqakm-MuiTableCell-root"
                      colspan="1"
                      scope="col"
                    >
                      <span
                        class="MuiButtonBase-root MuiTableSortLabel-root css-1qgma8u-MuiButtonBase-root-MuiTableSortLabel-root"
                        role="button"
                        tabindex="0"
                      >
                        <div
                          class="cursor-pointer select-none"
                        >
                          Name
                        </div>
                        <svg
                          aria-hidden="true"
                          class="MuiSvgIcon-root MuiSvgIcon-fontSizeMedium MuiTableSortLabel-icon MuiTableSortLabel-iconDirectionAsc css-1vweko9-MuiSvgIcon-root-MuiTableSortLabel-icon"
                          data-testid="ArrowDownwardIcon"
                          focusable="false"
                          viewBox="0 0 24 24"
                        >
                          <path
                            d="M20 12l-1.41-1.41L13 16.17V4h-2v12.17l-5.58-5.59L4 12l8 8 8-8z"
                          />
                        </svg>
                      </span>
                    </th>
                    <th
                      class="MuiTableCell-root MuiTableCell-head MuiTableCell-alignCenter MuiTableCell-sizeMedium css-1uhqakm-MuiTableCell-root"
                      colspan="1"
                      scope="col"
                    >
                      <span
                        class="MuiButtonBase-root MuiTableSortLabel-root css-1qgma8u-MuiButtonBase-root-MuiTableSortLabel-root"
                        role="button"
                        tabindex="0"
                      >
                        <div
                          class="cursor-pointer select-none"
                        >
                          Category
                        </div>
                        <svg
                          aria-hidden="true"
                          class="MuiSvgIcon-root MuiSvgIcon-fontSizeMedium MuiTableSortLabel-icon MuiTableSortLabel-iconDirectionAsc css-1vweko9-MuiSvgIcon-root-MuiTableSortLabel-icon"
                          data-testid="ArrowDownwardIcon"
                          focusable="false"
                          viewBox="0 0 24 24"
                        >
                          <path
                            d="M20 12l-1.41-1.41L13 16.17V4h-2v12.17l-5.58-5.59L4 12l8 8 8-8z"
                          />
                        </svg>
                      </span>
                    </th>
                    <th
                      class="MuiTableCell-root MuiTableCell-head MuiTableCell-alignCenter MuiTableCell-sizeMedium css-1uhqakm-MuiTableCell-root"
                      colspan="1"
                      scope="col"
                    >
                      <span
                        class="MuiButtonBase-root MuiTableSortLabel-root css-1qgma8u-MuiButtonBase-root-MuiTableSortLabel-root"
                        role="button"
                        tabindex="0"
                      >
                        <div
                          class="cursor-pointer select-none"
                        >
                          Match Up
                        </div>
                        <svg
                          aria-hidden="true"
                          class="MuiSvgIcon-root MuiSvgIcon-fontSizeMedium MuiTableSortLabel-icon MuiTableSortLabel-iconDirectionAsc css-1vweko9-MuiSvgIcon-root-MuiTableSortLabel-icon"
                          data-testid="ArrowDownwardIcon"
                          focusable="false"
                          viewBox="0 0 24 24"
                        >
                          <path
                            d="M20 12l-1.41-1.41L13 16.17V4h-2v12.17l-5.58-5.59L4 12l8 8 8-8z"
                          />
                        </svg>
                      </span>
                    </th>
                    <th
                      class="MuiTableCell-root MuiTableCell-head MuiTableCell-alignCenter MuiTableCell-sizeMedium css-1uhqakm-MuiTableCell-root"
                      colspan="1"
                      scope="col"
                    >
                      <span
                        class="MuiButtonBase-root MuiTableSortLabel-root css-1qgma8u-MuiButtonBase-root-MuiTableSortLabel-root"
                        role="button"
                        tabindex="0"
                      >
                        <div
                          class="cursor-pointer select-none"
                        >
                          Stat
                        </div>
                        <svg
                          aria-hidden="true"
                          class="MuiSvgIcon-root MuiSvgIcon-fontSizeMedium MuiTableSortLabel-icon MuiTableSortLabel-iconDirectionAsc css-1vweko9-MuiSvgIcon-root-MuiTableSortLabel-icon"
                          data-testid="ArrowDownwardIcon"
                          focusable="false"
                          viewBox="0 0 24 24"
                        >
                          <path
                            d="M20 12l-1.41-1.41L13 16.17V4h-2v12.17l-5.58-5.59L4 12l8 8 8-8z"
                          />
                        </svg>
                      </span>
                    </th>
                    <th
                      class="MuiTableCell-root MuiTableCell-head MuiTableCell-alignCenter MuiTableCell-sizeMedium css-1uhqakm-MuiTableCell-root"
                      colspan="1"
                      scope="col"
                    >
                      <span
                        class="MuiButtonBase-root MuiTableSortLabel-root css-1qgma8u-MuiButtonBase-root-MuiTableSortLabel-root"
                        role="button"
                        tabindex="0"
                      >
                        <div
                          class="cursor-pointer select-none"
                        >
                          Final Stat
                        </div>
                        <svg
                          aria-hidden="true"
                          class="MuiSvgIcon-root MuiSvgIcon-fontSizeMedium MuiTableSortLabel-icon MuiTableSortLabel-iconDirectionAsc css-1vweko9-MuiSvgIcon-root-MuiTableSortLabel-icon"
                          data-testid="ArrowDownwardIcon"
                          focusable="false"
                          viewBox="0 0 24 24"
                        >
                          <path
                            d="M20 12l-1.41-1.41L13 16.17V4h-2v12.17l-5.58-5.59L4 12l8 8 8-8z"
                          />
                        </svg>
                      </span>
                    </th>
                    <th
                      class="MuiTableCell-root MuiTableCell-head MuiTableCell-alignCenter MuiTableCell-sizeMedium css-1uhqakm-MuiTableCell-root"
                      colspan="1"
                      scope="col"
                    >
                      <span
                        class="MuiButtonBase-root MuiTableSortLabel-root css-1qgma8u-MuiButtonBase-root-MuiTableSortLabel-root"
                        role="button"
                        tabindex="0"
                      >
                        <div
                          class="cursor-pointer select-none"
                        >
                          Over
                        </div>
                        <svg
                          aria-hidden="true"
                          class="MuiSvgIcon-root MuiSvgIcon-fontSizeMedium MuiTableSortLabel-icon MuiTableSortLabel-iconDirectionAsc css-1vweko9-MuiSvgIcon-root-MuiTableSortLabel-icon"
                          data-testid="ArrowDownwardIcon"
                          focusable="false"
                          viewBox="0 0 24 24"
                        >
                          <path
                            d="M20 12l-1.41-1.41L13 16.17V4h-2v12.17l-5.58-5.59L4 12l8 8 8-8z"
                          />
                        </svg>
                      </span>
                    </th>
                    <th
                      class="MuiTableCell-root MuiTableCell-head MuiTableCell-alignCenter MuiTableCell-sizeMedium css-1uhqakm-MuiTableCell-root"
                      colspan="1"
                      scope="col"
                    >
                      <span
                        class="MuiButtonBase-root MuiTableSortLabel-root css-1qgma8u-MuiButtonBase-root-MuiTableSortLabel-root"
                        role="button"
                        tabindex="0"
                      >
                        <div
                          class="cursor-pointer select-none"
                        >
                          Under
                        </div>
                        <svg
                          aria-hidden="true"
                          class="MuiSvgIcon-root MuiSvgIcon-fontSizeMedium MuiTableSortLabel-icon MuiTableSortLabel-iconDirectionAsc css-1vweko9-MuiSvgIcon-root-MuiTableSortLabel-icon"
                          data-testid="ArrowDownwardIcon"
                          focusable="false"
                          viewBox="0 0 24 24"
                        >
                          <path
                            d="M20 12l-1.41-1.41L13 16.17V4h-2v12.17l-5.58-5.59L4 12l8 8 8-8z"
                          />
                        </svg>
                      </span>
                    </th>
                    <th
                      class="MuiTableCell-root MuiTableCell-head MuiTableCell-alignCenter MuiTableCell-sizeMedium css-1uhqakm-MuiTableCell-root"
                      colspan="1"
                      scope="col"
                    >
                      <span
                        class="MuiButtonBase-root MuiTableSortLabel-root css-1qgma8u-MuiButtonBase-root-MuiTableSortLabel-root"
                        role="button"
                        tabindex="0"
                      >
                        <div
                          class="cursor-pointer select-none"
                        >
                          Over
                        </div>
                        <svg
                          aria-hidden="true"
                          class="MuiSvgIcon-root MuiSvgIcon-fontSizeMedium MuiTableSortLabel-icon MuiTableSortLabel-iconDirectionAsc css-1vweko9-MuiSvgIcon-root-MuiTableSortLabel-icon"
                          data-testid="ArrowDownwardIcon"
                          focusable="false"
                          viewBox="0 0 24 24"
                        >
                          <path
                            d="M20 12l-1.41-1.41L13 16.17V4h-2v12.17l-5.58-5.59L4 12l8 8 8-8z"
                          />
                        </svg>
                      </span>
                    </th>
                    <th
                      class="MuiTableCell-root MuiTableCell-head MuiTableCell-alignCenter MuiTableCell-sizeMedium css-1uhqakm-MuiTableCell-root"
                      colspan="1"
                      scope="col"
                    >
                      <span
                        class="MuiButtonBase-root MuiTableSortLabel-root css-1qgma8u-MuiButtonBase-root-MuiTableSortLabel-root"
                        role="button"
                        tabindex="0"
                      >
                        <div
                          class="cursor-pointer select-none"
                        >
                          Under
                        </div>
                        <svg
                          aria-hidden="true"
                          class="MuiSvgIcon-root MuiSvgIcon-fontSizeMedium MuiTableSortLabel-icon MuiTableSortLabel-iconDirectionAsc css-1vweko9-MuiSvgIcon-root-MuiTableSortLabel-icon"
                          data-testid="ArrowDownwardIcon"
                          focusable="false"
                          viewBox="0 0 24 24"
                        >
                          <path
                            d="M20 12l-1.41-1.41L13 16.17V4h-2v12.17l-5.58-5.59L4 12l8 8 8-8z"
                          />
                        </svg>
                      </span>
                    </th>
                    <th
                      class="MuiTableCell-root MuiTableCell-head MuiTableCell-alignCenter MuiTableCell-sizeMedium css-1uhqakm-MuiTableCell-root"
                      colspan="1"
                      scope="col"
                    >
                      <span
                        class="MuiButtonBase-root MuiTableSortLabel-root css-1qgma8u-MuiButtonBase-root-MuiTableSortLabel-root"
                        role="button"
                        tabindex="0"
                      >
                        <div
                          class="cursor-pointer select-none"
                        >
                          Game Date & Time
                        </div>
                        <svg
                          aria-hidden="true"
                          class="MuiSvgIcon-root MuiSvgIcon-fontSizeMedium MuiTableSortLabel-icon MuiTableSortLabel-iconDirectionAsc css-1vweko9-MuiSvgIcon-root-MuiTableSortLabel-icon"
                          data-testid="ArrowDownwardIcon"
                          focusable="false"
                          viewBox="0 0 24 24"
                        >
                          <path
                            d="M20 12l-1.41-1.41L13 16.17V4h-2v12.17l-5.58-5.59L4 12l8 8 8-8z"
                          />
                        </svg>
                      </span>
                    </th>
                    <th
                      class="MuiTableCell-root MuiTableCell-head MuiTableCell-alignCenter MuiTableCell-sizeMedium css-1uhqakm-MuiTableCell-root"
                      colspan="1"
                      scope="col"
                    >
                      <span
                        class="MuiButtonBase-root MuiTableSortLabel-root css-1qgma8u-MuiButtonBase-root-MuiTableSortLabel-root"
                        role="button"
                        tabindex="0"
                      >
                        <div
                          class="cursor-pointer select-none"
                        >
                          Game Status
                        </div>
                        <svg
                          aria-hidden="true"
                          class="MuiSvgIcon-root MuiSvgIcon-fontSizeMedium MuiTableSortLabel-icon MuiTableSortLabel-iconDirectionAsc css-1vweko9-MuiSvgIcon-root-MuiTableSortLabel-icon"
                          data-testid="ArrowDownwardIcon"
                          focusable="false"
                          viewBox="0 0 24 24"
                        >
                          <path
                            d="M20 12l-1.41-1.41L13 16.17V4h-2v12.17l-5.58-5.59L4 12l8 8 8-8z"
                          />
                        </svg>
                      </span>
                    </th>
                  </tr>
                </thead>
                <tbody
                  class="MuiTableBody-root css-apqrd9-MuiTableBody-root"
                >
                  <tr
                    class="MuiTableRow-root MuiTableRow-hover css-1q1u3t4-MuiTableRow-root"
                  >
                    <td
                      class="MuiTableCell-root MuiTableCell-body MuiTableCell-alignCenter MuiTableCell-sizeMedium css-3ybl5n-MuiTableCell-root"
                    >
                      <div
                        class="flex"
                      >
                        <div
                          class="MuiBox-root css-182y0me"
                        >
                          1
                        </div>
                        <button
                          aria-label="Copied to clipboard!"
                          class=""
                          data-mui-internal-clone-element="true"
                        >
                          <svg
                            class="h-6 w-6"
                            data-file-name="SvgClipboardDocument"
                          />
                        </button>
                      </div>
                    </td>
                    <td
                      class="MuiTableCell-root MuiTableCell-body MuiTableCell-alignCenter MuiTableCell-sizeMedium css-3ybl5n-MuiTableCell-root"
                    >
                      NBA
                    </td>
                    <td
                      class="MuiTableCell-root MuiTableCell-body MuiTableCell-alignCenter MuiTableCell-sizeMedium css-3ybl5n-MuiTableCell-root"
                    >
                      LeBron James
                    </td>
                    <td
                      class="MuiTableCell-root MuiTableCell-body MuiTableCell-alignCenter MuiTableCell-sizeMedium css-3ybl5n-MuiTableCell-root"
                    >
                      Points
                    </td>
                    <td
                      class="MuiTableCell-root MuiTableCell-body MuiTableCell-alignCenter MuiTableCell-sizeMedium css-3ybl5n-MuiTableCell-root"
                    >
                      LAL @ DEN
                    </td>
                    <td
                      class="MuiTableCell-root MuiTableCell-body MuiTableCell-alignCenter MuiTableCell-sizeMedium css-3ybl5n-MuiTableCell-root"
                    >
                      35
                    </td>
                    <td
                      class="MuiTableCell-root MuiTableCell-body MuiTableCell-alignCenter MuiTableCell-sizeMedium css-3ybl5n-MuiTableCell-root"
                    />
                    <td
                      class="MuiTableCell-root MuiTableCell-body MuiTableCell-alignCenter MuiTableCell-sizeMedium css-3ybl5n-MuiTableCell-root"
                    >
                      -120
                    </td>
                    <td
                      class="MuiTableCell-root MuiTableCell-body MuiTableCell-alignCenter MuiTableCell-sizeMedium css-3ybl5n-MuiTableCell-root"
                    >
                      100
                    </td>
                    <td
                      class="MuiTableCell-root MuiTableCell-body MuiTableCell-alignCenter MuiTableCell-sizeMedium css-3ybl5n-MuiTableCell-root"
                    >
                      <button
                        class="MuiTypography-root MuiTypography-inherit MuiLink-root MuiLink-underlineHover MuiLink-button css-1uxlxyf-MuiTypography-root-MuiLink-root"
                      >
                        <span>
                          4
                           (
                          $10.00
                          )
                        </span>
                      </button>
                    </td>
                    <td
                      class="MuiTableCell-root MuiTableCell-body MuiTableCell-alignCenter MuiTableCell-sizeMedium css-3ybl5n-MuiTableCell-root"
                    >
                      <button
                        class="MuiTypography-root MuiTypography-inherit MuiLink-root MuiLink-underlineHover MuiLink-button css-1uxlxyf-MuiTypography-root-MuiLink-root"
                      >
                        <span>
                          2
                           (
                          $0.00
                          )
                        </span>
                      </button>
                    </td>
                    <td
                      class="MuiTableCell-root MuiTableCell-body MuiTableCell-alignCenter MuiTableCell-sizeMedium css-3ybl5n-MuiTableCell-root"
                    >
                      2023-01-23 15:00 PM
                    </td>
                    <td
                      class="MuiTableCell-root MuiTableCell-body MuiTableCell-alignCenter MuiTableCell-sizeMedium css-3ybl5n-MuiTableCell-root"
                    >
                      Scheduled
                    </td>
                  </tr>
                </tbody>
              </table>
            </div>
          </div>
        </div>
      </div>
    </div>
  </body>,
  "container": <div>
    <div
      class="flex flex-col gap-2 p-2"
    >
      <div
        class="flex flex-row gap-2 items-center"
      >
        <div
          class="MuiFormControl-root MuiTextField-root css-10qkx7n-MuiFormControl-root-MuiTextField-root"
        >
          <label
            class="MuiFormLabel-root MuiInputLabel-root MuiInputLabel-formControl MuiInputLabel-animated MuiInputLabel-shrink MuiInputLabel-sizeSmall MuiInputLabel-outlined MuiFormLabel-colorPrimary MuiFormLabel-filled MuiInputLabel-root MuiInputLabel-formControl MuiInputLabel-animated MuiInputLabel-shrink MuiInputLabel-sizeSmall MuiInputLabel-outlined css-1jy569b-MuiFormLabel-root-MuiInputLabel-root"
            data-shrink="true"
            for="league"
            id="league-label"
          >
            Select league
          </label>
          <div
            class="MuiInputBase-root MuiOutlinedInput-root MuiInputBase-colorPrimary MuiInputBase-formControl MuiInputBase-sizeSmall css-9ddj71-MuiInputBase-root-MuiOutlinedInput-root"
          >
            <div
              aria-expanded="false"
              aria-haspopup="listbox"
              aria-labelledby="league-label league"
              class="MuiSelect-select MuiSelect-outlined MuiInputBase-input MuiOutlinedInput-input MuiInputBase-inputSizeSmall css-jedpe8-MuiSelect-select-MuiInputBase-input-MuiOutlinedInput-input"
              id="league"
              role="button"
              tabindex="0"
            >
              NBA
            </div>
            <input
              aria-hidden="true"
              aria-invalid="false"
              class="MuiSelect-nativeInput css-yf8vq0-MuiSelect-nativeInput"
              tabindex="-1"
              value="NBA"
            />
            <svg
              aria-hidden="true"
              class="MuiSvgIcon-root MuiSvgIcon-fontSizeMedium MuiSelect-icon MuiSelect-iconOutlined css-hfutr2-MuiSvgIcon-root-MuiSelect-icon"
              data-testid="ArrowDropDownIcon"
              focusable="false"
              viewBox="0 0 24 24"
            >
              <path
                d="M7 10l5 5 5-5z"
              />
            </svg>
            <fieldset
              aria-hidden="true"
              class="MuiOutlinedInput-notchedOutline css-1d3z3hw-MuiOutlinedInput-notchedOutline"
            >
              <legend
                class="css-14lo706"
              >
                <span>
                  Select league
                </span>
              </legend>
            </fieldset>
          </div>
        </div>
        <div
          class="flex w-full justify-start gap-2"
        >
          <div
            class="MuiFormControl-root MuiFormControl-marginDense MuiFormControl-fullWidth MuiTextField-root css-1z10yd4-MuiFormControl-root-MuiTextField-root"
          >
            <label
              class="MuiFormLabel-root MuiInputLabel-root MuiInputLabel-formControl MuiInputLabel-animated MuiInputLabel-shrink MuiInputLabel-sizeSmall MuiInputLabel-outlined MuiFormLabel-colorPrimary MuiFormLabel-filled MuiInputLabel-root MuiInputLabel-formControl MuiInputLabel-animated MuiInputLabel-shrink MuiInputLabel-sizeSmall MuiInputLabel-outlined css-1jy569b-MuiFormLabel-root-MuiInputLabel-root"
              data-shrink="true"
              for=":r2:"
              id=":r2:-label"
            >
              Start Date
            </label>
            <div
              class="MuiInputBase-root MuiOutlinedInput-root MuiInputBase-colorPrimary MuiInputBase-fullWidth MuiInputBase-formControl MuiInputBase-sizeSmall Mui-readOnly MuiInputBase-readOnly css-md26zr-MuiInputBase-root-MuiOutlinedInput-root"
            >
              <input
                aria-invalid="false"
                aria-label="Choose date, selected date is Dec 25, 2020"
                autocomplete="off"
                class="MuiInputBase-input MuiOutlinedInput-input MuiInputBase-inputSizeSmall Mui-readOnly MuiInputBase-readOnly css-1n4twyu-MuiInputBase-input-MuiOutlinedInput-input"
                id=":r2:"
                inputmode="text"
                placeholder="MM/DD/YYYY"
                readonly=""
                type="text"
                value="12/25/2020"
              />
              <fieldset
                aria-hidden="true"
                class="MuiOutlinedInput-notchedOutline css-1d3z3hw-MuiOutlinedInput-notchedOutline"
              >
                <legend
                  class="css-14lo706"
                >
                  <span>
                    Start Date
                  </span>
                </legend>
              </fieldset>
            </div>
          </div>
          <div
            class="MuiFormControl-root MuiFormControl-marginDense MuiFormControl-fullWidth MuiTextField-root css-1z10yd4-MuiFormControl-root-MuiTextField-root"
          >
            <label
              class="MuiFormLabel-root MuiInputLabel-root MuiInputLabel-formControl MuiInputLabel-animated MuiInputLabel-shrink MuiInputLabel-sizeSmall MuiInputLabel-outlined MuiFormLabel-colorPrimary MuiFormLabel-filled MuiInputLabel-root MuiInputLabel-formControl MuiInputLabel-animated MuiInputLabel-shrink MuiInputLabel-sizeSmall MuiInputLabel-outlined css-1jy569b-MuiFormLabel-root-MuiInputLabel-root"
              data-shrink="true"
              for=":r5:"
              id=":r5:-label"
            >
              End Date
            </label>
            <div
              class="MuiInputBase-root MuiOutlinedInput-root MuiInputBase-colorPrimary MuiInputBase-fullWidth MuiInputBase-formControl MuiInputBase-sizeSmall Mui-readOnly MuiInputBase-readOnly css-md26zr-MuiInputBase-root-MuiOutlinedInput-root"
            >
              <input
                aria-invalid="false"
                aria-label="Choose date, selected date is Jan 1, 2021"
                autocomplete="off"
                class="MuiInputBase-input MuiOutlinedInput-input MuiInputBase-inputSizeSmall Mui-readOnly MuiInputBase-readOnly css-1n4twyu-MuiInputBase-input-MuiOutlinedInput-input"
                id=":r5:"
                inputmode="text"
                placeholder="MM/DD/YYYY"
                readonly=""
                type="text"
                value="01/01/2021"
              />
              <fieldset
                aria-hidden="true"
                class="MuiOutlinedInput-notchedOutline css-1d3z3hw-MuiOutlinedInput-notchedOutline"
              >
                <legend
                  class="css-14lo706"
                >
                  <span>
                    End Date
                  </span>
                </legend>
              </fieldset>
            </div>
          </div>
        </div>
      </div>
      <div
        class="MuiBox-root css-8atqhb"
      >
        <div
          class="MuiPaper-root MuiPaper-elevation MuiPaper-rounded MuiPaper-elevation1 css-1mxz8qt-MuiPaper-root"
        >
          <div
            class="MuiToolbar-root MuiToolbar-gutters MuiToolbar-regular bg-blue-500 text-white css-xvd0n5-MuiToolbar-root"
          >
            <h5
              class="MuiTypography-root MuiTypography-h5 css-ag7rrr-MuiTypography-root"
            >
              Line Exposure
            </h5>
          </div>
          <div
            class="MuiPaper-root MuiPaper-elevation MuiPaper-rounded MuiPaper-elevation1 MuiTableContainer-root css-11xur9t-MuiPaper-root-MuiTableContainer-root"
          >
            <table
              aria-label="Line Exposure"
              class="MuiTable-root css-rqglhn-MuiTable-root"
            >
              <thead
                class="MuiTableHead-root css-15wwp11-MuiTableHead-root"
              >
                <tr
                  class="MuiTableRow-root MuiTableRow-head css-1q1u3t4-MuiTableRow-root"
                >
                  <th
                    class="MuiTableCell-root MuiTableCell-head MuiTableCell-alignCenter MuiTableCell-sizeMedium css-1uhqakm-MuiTableCell-root"
                    colspan="1"
                    scope="col"
                  />
                  <th
                    class="MuiTableCell-root MuiTableCell-head MuiTableCell-alignCenter MuiTableCell-sizeMedium css-1uhqakm-MuiTableCell-root"
                    colspan="1"
                    scope="col"
                  />
                  <th
                    class="MuiTableCell-root MuiTableCell-head MuiTableCell-alignCenter MuiTableCell-sizeMedium css-1uhqakm-MuiTableCell-root"
                    colspan="1"
                    scope="col"
                  />
                  <th
                    class="MuiTableCell-root MuiTableCell-head MuiTableCell-alignCenter MuiTableCell-sizeMedium css-1uhqakm-MuiTableCell-root"
                    colspan="1"
                    scope="col"
                  />
                  <th
                    class="MuiTableCell-root MuiTableCell-head MuiTableCell-alignCenter MuiTableCell-sizeMedium css-1uhqakm-MuiTableCell-root"
                    colspan="1"
                    scope="col"
                  />
                  <th
                    class="MuiTableCell-root MuiTableCell-head MuiTableCell-alignCenter MuiTableCell-sizeMedium css-1uhqakm-MuiTableCell-root"
                    colspan="1"
                    scope="col"
                  />
                  <th
                    class="MuiTableCell-root MuiTableCell-head MuiTableCell-alignCenter MuiTableCell-sizeMedium css-1uhqakm-MuiTableCell-root"
                    colspan="1"
                    scope="col"
                  />
                  <th
                    class="MuiTableCell-root MuiTableCell-head MuiTableCell-alignCenter MuiTableCell-sizeMedium css-1uhqakm-MuiTableCell-root"
                    colspan="2"
                    scope="col"
                  >
                    <span
                      class="MuiButtonBase-root MuiTableSortLabel-root css-1qgma8u-MuiButtonBase-root-MuiTableSortLabel-root"
                      role="button"
                      tabindex="0"
                    >
                      <div
                        class=""
                      >
                        Odds
                      </div>
                      <svg
                        aria-hidden="true"
                        class="MuiSvgIcon-root MuiSvgIcon-fontSizeMedium MuiTableSortLabel-icon MuiTableSortLabel-iconDirectionAsc css-1vweko9-MuiSvgIcon-root-MuiTableSortLabel-icon"
                        data-testid="ArrowDownwardIcon"
                        focusable="false"
                        viewBox="0 0 24 24"
                      >
                        <path
                          d="M20 12l-1.41-1.41L13 16.17V4h-2v12.17l-5.58-5.59L4 12l8 8 8-8z"
                        />
                      </svg>
                    </span>
                  </th>
                  <th
                    class="MuiTableCell-root MuiTableCell-head MuiTableCell-alignCenter MuiTableCell-sizeMedium css-1uhqakm-MuiTableCell-root"
                    colspan="2"
                    scope="col"
                  >
                    <span
                      class="MuiButtonBase-root MuiTableSortLabel-root css-1qgma8u-MuiButtonBase-root-MuiTableSortLabel-root"
                      role="button"
                      tabindex="0"
                    >
                      <div
                        class=""
                      >
                        Exposure
                      </div>
                      <svg
                        aria-hidden="true"
                        class="MuiSvgIcon-root MuiSvgIcon-fontSizeMedium MuiTableSortLabel-icon MuiTableSortLabel-iconDirectionAsc css-1vweko9-MuiSvgIcon-root-MuiTableSortLabel-icon"
                        data-testid="ArrowDownwardIcon"
                        focusable="false"
                        viewBox="0 0 24 24"
                      >
                        <path
                          d="M20 12l-1.41-1.41L13 16.17V4h-2v12.17l-5.58-5.59L4 12l8 8 8-8z"
                        />
                      </svg>
                    </span>
                  </th>
                  <th
                    class="MuiTableCell-root MuiTableCell-head MuiTableCell-alignCenter MuiTableCell-sizeMedium css-1uhqakm-MuiTableCell-root"
                    colspan="1"
                    scope="col"
                  />
                  <th
                    class="MuiTableCell-root MuiTableCell-head MuiTableCell-alignCenter MuiTableCell-sizeMedium css-1uhqakm-MuiTableCell-root"
                    colspan="1"
                    scope="col"
                  />
                </tr>
                <tr
                  class="MuiTableRow-root MuiTableRow-head css-1q1u3t4-MuiTableRow-root"
                >
                  <th
                    class="MuiTableCell-root MuiTableCell-head MuiTableCell-alignCenter MuiTableCell-sizeMedium css-1uhqakm-MuiTableCell-root"
                    colspan="1"
                    scope="col"
                  >
                    <span
                      class="MuiButtonBase-root MuiTableSortLabel-root css-1qgma8u-MuiButtonBase-root-MuiTableSortLabel-root"
                      role="button"
                      tabindex="0"
                    >
                      <div
                        class="cursor-pointer select-none"
                      >
                        ID
                      </div>
                      <svg
                        aria-hidden="true"
                        class="MuiSvgIcon-root MuiSvgIcon-fontSizeMedium MuiTableSortLabel-icon MuiTableSortLabel-iconDirectionAsc css-1vweko9-MuiSvgIcon-root-MuiTableSortLabel-icon"
                        data-testid="ArrowDownwardIcon"
                        focusable="false"
                        viewBox="0 0 24 24"
                      >
                        <path
                          d="M20 12l-1.41-1.41L13 16.17V4h-2v12.17l-5.58-5.59L4 12l8 8 8-8z"
                        />
                      </svg>
                    </span>
                  </th>
                  <th
                    class="MuiTableCell-root MuiTableCell-head MuiTableCell-alignCenter MuiTableCell-sizeMedium css-1uhqakm-MuiTableCell-root"
                    colspan="1"
                    scope="col"
                  >
                    <span
                      class="MuiButtonBase-root MuiTableSortLabel-root css-1qgma8u-MuiButtonBase-root-MuiTableSortLabel-root"
                      role="button"
                      tabindex="0"
                    >
                      <div
                        class="cursor-pointer select-none"
                      >
                        League
                      </div>
                      <svg
                        aria-hidden="true"
                        class="MuiSvgIcon-root MuiSvgIcon-fontSizeMedium MuiTableSortLabel-icon MuiTableSortLabel-iconDirectionAsc css-1vweko9-MuiSvgIcon-root-MuiTableSortLabel-icon"
                        data-testid="ArrowDownwardIcon"
                        focusable="false"
                        viewBox="0 0 24 24"
                      >
                        <path
                          d="M20 12l-1.41-1.41L13 16.17V4h-2v12.17l-5.58-5.59L4 12l8 8 8-8z"
                        />
                      </svg>
                    </span>
                  </th>
                  <th
                    class="MuiTableCell-root MuiTableCell-head MuiTableCell-alignCenter MuiTableCell-sizeMedium css-1uhqakm-MuiTableCell-root"
                    colspan="1"
                    scope="col"
                  >
                    <span
                      class="MuiButtonBase-root MuiTableSortLabel-root css-1qgma8u-MuiButtonBase-root-MuiTableSortLabel-root"
                      role="button"
                      tabindex="0"
                    >
                      <div
                        class="cursor-pointer select-none"
                      >
                        Name
                      </div>
                      <svg
                        aria-hidden="true"
                        class="MuiSvgIcon-root MuiSvgIcon-fontSizeMedium MuiTableSortLabel-icon MuiTableSortLabel-iconDirectionAsc css-1vweko9-MuiSvgIcon-root-MuiTableSortLabel-icon"
                        data-testid="ArrowDownwardIcon"
                        focusable="false"
                        viewBox="0 0 24 24"
                      >
                        <path
                          d="M20 12l-1.41-1.41L13 16.17V4h-2v12.17l-5.58-5.59L4 12l8 8 8-8z"
                        />
                      </svg>
                    </span>
                  </th>
                  <th
                    class="MuiTableCell-root MuiTableCell-head MuiTableCell-alignCenter MuiTableCell-sizeMedium css-1uhqakm-MuiTableCell-root"
                    colspan="1"
                    scope="col"
                  >
                    <span
                      class="MuiButtonBase-root MuiTableSortLabel-root css-1qgma8u-MuiButtonBase-root-MuiTableSortLabel-root"
                      role="button"
                      tabindex="0"
                    >
                      <div
                        class="cursor-pointer select-none"
                      >
                        Category
                      </div>
                      <svg
                        aria-hidden="true"
                        class="MuiSvgIcon-root MuiSvgIcon-fontSizeMedium MuiTableSortLabel-icon MuiTableSortLabel-iconDirectionAsc css-1vweko9-MuiSvgIcon-root-MuiTableSortLabel-icon"
                        data-testid="ArrowDownwardIcon"
                        focusable="false"
                        viewBox="0 0 24 24"
                      >
                        <path
                          d="M20 12l-1.41-1.41L13 16.17V4h-2v12.17l-5.58-5.59L4 12l8 8 8-8z"
                        />
                      </svg>
                    </span>
                  </th>
                  <th
                    class="MuiTableCell-root MuiTableCell-head MuiTableCell-alignCenter MuiTableCell-sizeMedium css-1uhqakm-MuiTableCell-root"
                    colspan="1"
                    scope="col"
                  >
                    <span
                      class="MuiButtonBase-root MuiTableSortLabel-root css-1qgma8u-MuiButtonBase-root-MuiTableSortLabel-root"
                      role="button"
                      tabindex="0"
                    >
                      <div
                        class="cursor-pointer select-none"
                      >
                        Match Up
                      </div>
                      <svg
                        aria-hidden="true"
                        class="MuiSvgIcon-root MuiSvgIcon-fontSizeMedium MuiTableSortLabel-icon MuiTableSortLabel-iconDirectionAsc css-1vweko9-MuiSvgIcon-root-MuiTableSortLabel-icon"
                        data-testid="ArrowDownwardIcon"
                        focusable="false"
                        viewBox="0 0 24 24"
                      >
                        <path
                          d="M20 12l-1.41-1.41L13 16.17V4h-2v12.17l-5.58-5.59L4 12l8 8 8-8z"
                        />
                      </svg>
                    </span>
                  </th>
                  <th
                    class="MuiTableCell-root MuiTableCell-head MuiTableCell-alignCenter MuiTableCell-sizeMedium css-1uhqakm-MuiTableCell-root"
                    colspan="1"
                    scope="col"
                  >
                    <span
                      class="MuiButtonBase-root MuiTableSortLabel-root css-1qgma8u-MuiButtonBase-root-MuiTableSortLabel-root"
                      role="button"
                      tabindex="0"
                    >
                      <div
                        class="cursor-pointer select-none"
                      >
                        Stat
                      </div>
                      <svg
                        aria-hidden="true"
                        class="MuiSvgIcon-root MuiSvgIcon-fontSizeMedium MuiTableSortLabel-icon MuiTableSortLabel-iconDirectionAsc css-1vweko9-MuiSvgIcon-root-MuiTableSortLabel-icon"
                        data-testid="ArrowDownwardIcon"
                        focusable="false"
                        viewBox="0 0 24 24"
                      >
                        <path
                          d="M20 12l-1.41-1.41L13 16.17V4h-2v12.17l-5.58-5.59L4 12l8 8 8-8z"
                        />
                      </svg>
                    </span>
                  </th>
                  <th
                    class="MuiTableCell-root MuiTableCell-head MuiTableCell-alignCenter MuiTableCell-sizeMedium css-1uhqakm-MuiTableCell-root"
                    colspan="1"
                    scope="col"
                  >
                    <span
                      class="MuiButtonBase-root MuiTableSortLabel-root css-1qgma8u-MuiButtonBase-root-MuiTableSortLabel-root"
                      role="button"
                      tabindex="0"
                    >
                      <div
                        class="cursor-pointer select-none"
                      >
                        Final Stat
                      </div>
                      <svg
                        aria-hidden="true"
                        class="MuiSvgIcon-root MuiSvgIcon-fontSizeMedium MuiTableSortLabel-icon MuiTableSortLabel-iconDirectionAsc css-1vweko9-MuiSvgIcon-root-MuiTableSortLabel-icon"
                        data-testid="ArrowDownwardIcon"
                        focusable="false"
                        viewBox="0 0 24 24"
                      >
                        <path
                          d="M20 12l-1.41-1.41L13 16.17V4h-2v12.17l-5.58-5.59L4 12l8 8 8-8z"
                        />
                      </svg>
                    </span>
                  </th>
                  <th
                    class="MuiTableCell-root MuiTableCell-head MuiTableCell-alignCenter MuiTableCell-sizeMedium css-1uhqakm-MuiTableCell-root"
                    colspan="1"
                    scope="col"
                  >
                    <span
                      class="MuiButtonBase-root MuiTableSortLabel-root css-1qgma8u-MuiButtonBase-root-MuiTableSortLabel-root"
                      role="button"
                      tabindex="0"
                    >
                      <div
                        class="cursor-pointer select-none"
                      >
                        Over
                      </div>
                      <svg
                        aria-hidden="true"
                        class="MuiSvgIcon-root MuiSvgIcon-fontSizeMedium MuiTableSortLabel-icon MuiTableSortLabel-iconDirectionAsc css-1vweko9-MuiSvgIcon-root-MuiTableSortLabel-icon"
                        data-testid="ArrowDownwardIcon"
                        focusable="false"
                        viewBox="0 0 24 24"
                      >
                        <path
                          d="M20 12l-1.41-1.41L13 16.17V4h-2v12.17l-5.58-5.59L4 12l8 8 8-8z"
                        />
                      </svg>
                    </span>
                  </th>
                  <th
                    class="MuiTableCell-root MuiTableCell-head MuiTableCell-alignCenter MuiTableCell-sizeMedium css-1uhqakm-MuiTableCell-root"
                    colspan="1"
                    scope="col"
                  >
                    <span
                      class="MuiButtonBase-root MuiTableSortLabel-root css-1qgma8u-MuiButtonBase-root-MuiTableSortLabel-root"
                      role="button"
                      tabindex="0"
                    >
                      <div
                        class="cursor-pointer select-none"
                      >
                        Under
                      </div>
                      <svg
                        aria-hidden="true"
                        class="MuiSvgIcon-root MuiSvgIcon-fontSizeMedium MuiTableSortLabel-icon MuiTableSortLabel-iconDirectionAsc css-1vweko9-MuiSvgIcon-root-MuiTableSortLabel-icon"
                        data-testid="ArrowDownwardIcon"
                        focusable="false"
                        viewBox="0 0 24 24"
                      >
                        <path
                          d="M20 12l-1.41-1.41L13 16.17V4h-2v12.17l-5.58-5.59L4 12l8 8 8-8z"
                        />
                      </svg>
                    </span>
                  </th>
                  <th
                    class="MuiTableCell-root MuiTableCell-head MuiTableCell-alignCenter MuiTableCell-sizeMedium css-1uhqakm-MuiTableCell-root"
                    colspan="1"
                    scope="col"
                  >
                    <span
                      class="MuiButtonBase-root MuiTableSortLabel-root css-1qgma8u-MuiButtonBase-root-MuiTableSortLabel-root"
                      role="button"
                      tabindex="0"
                    >
                      <div
                        class="cursor-pointer select-none"
                      >
                        Over
                      </div>
                      <svg
                        aria-hidden="true"
                        class="MuiSvgIcon-root MuiSvgIcon-fontSizeMedium MuiTableSortLabel-icon MuiTableSortLabel-iconDirectionAsc css-1vweko9-MuiSvgIcon-root-MuiTableSortLabel-icon"
                        data-testid="ArrowDownwardIcon"
                        focusable="false"
                        viewBox="0 0 24 24"
                      >
                        <path
                          d="M20 12l-1.41-1.41L13 16.17V4h-2v12.17l-5.58-5.59L4 12l8 8 8-8z"
                        />
                      </svg>
                    </span>
                  </th>
                  <th
                    class="MuiTableCell-root MuiTableCell-head MuiTableCell-alignCenter MuiTableCell-sizeMedium css-1uhqakm-MuiTableCell-root"
                    colspan="1"
                    scope="col"
                  >
                    <span
                      class="MuiButtonBase-root MuiTableSortLabel-root css-1qgma8u-MuiButtonBase-root-MuiTableSortLabel-root"
                      role="button"
                      tabindex="0"
                    >
                      <div
                        class="cursor-pointer select-none"
                      >
                        Under
                      </div>
                      <svg
                        aria-hidden="true"
                        class="MuiSvgIcon-root MuiSvgIcon-fontSizeMedium MuiTableSortLabel-icon MuiTableSortLabel-iconDirectionAsc css-1vweko9-MuiSvgIcon-root-MuiTableSortLabel-icon"
                        data-testid="ArrowDownwardIcon"
                        focusable="false"
                        viewBox="0 0 24 24"
                      >
                        <path
                          d="M20 12l-1.41-1.41L13 16.17V4h-2v12.17l-5.58-5.59L4 12l8 8 8-8z"
                        />
                      </svg>
                    </span>
                  </th>
                  <th
                    class="MuiTableCell-root MuiTableCell-head MuiTableCell-alignCenter MuiTableCell-sizeMedium css-1uhqakm-MuiTableCell-root"
                    colspan="1"
                    scope="col"
                  >
                    <span
                      class="MuiButtonBase-root MuiTableSortLabel-root css-1qgma8u-MuiButtonBase-root-MuiTableSortLabel-root"
                      role="button"
                      tabindex="0"
                    >
                      <div
                        class="cursor-pointer select-none"
                      >
                        Game Date & Time
                      </div>
                      <svg
                        aria-hidden="true"
                        class="MuiSvgIcon-root MuiSvgIcon-fontSizeMedium MuiTableSortLabel-icon MuiTableSortLabel-iconDirectionAsc css-1vweko9-MuiSvgIcon-root-MuiTableSortLabel-icon"
                        data-testid="ArrowDownwardIcon"
                        focusable="false"
                        viewBox="0 0 24 24"
                      >
                        <path
                          d="M20 12l-1.41-1.41L13 16.17V4h-2v12.17l-5.58-5.59L4 12l8 8 8-8z"
                        />
                      </svg>
                    </span>
                  </th>
                  <th
                    class="MuiTableCell-root MuiTableCell-head MuiTableCell-alignCenter MuiTableCell-sizeMedium css-1uhqakm-MuiTableCell-root"
                    colspan="1"
                    scope="col"
                  >
                    <span
                      class="MuiButtonBase-root MuiTableSortLabel-root css-1qgma8u-MuiButtonBase-root-MuiTableSortLabel-root"
                      role="button"
                      tabindex="0"
                    >
                      <div
                        class="cursor-pointer select-none"
                      >
                        Game Status
                      </div>
                      <svg
                        aria-hidden="true"
                        class="MuiSvgIcon-root MuiSvgIcon-fontSizeMedium MuiTableSortLabel-icon MuiTableSortLabel-iconDirectionAsc css-1vweko9-MuiSvgIcon-root-MuiTableSortLabel-icon"
                        data-testid="ArrowDownwardIcon"
                        focusable="false"
                        viewBox="0 0 24 24"
                      >
                        <path
                          d="M20 12l-1.41-1.41L13 16.17V4h-2v12.17l-5.58-5.59L4 12l8 8 8-8z"
                        />
                      </svg>
                    </span>
                  </th>
                </tr>
              </thead>
              <tbody
                class="MuiTableBody-root css-apqrd9-MuiTableBody-root"
              >
                <tr
                  class="MuiTableRow-root MuiTableRow-hover css-1q1u3t4-MuiTableRow-root"
                >
                  <td
                    class="MuiTableCell-root MuiTableCell-body MuiTableCell-alignCenter MuiTableCell-sizeMedium css-3ybl5n-MuiTableCell-root"
                  >
                    <div
                      class="flex"
                    >
                      <div
                        class="MuiBox-root css-182y0me"
                      >
                        1
                      </div>
                      <button
                        aria-label="Copied to clipboard!"
                        class=""
                        data-mui-internal-clone-element="true"
                      >
                        <svg
                          class="h-6 w-6"
                          data-file-name="SvgClipboardDocument"
                        />
                      </button>
                    </div>
                  </td>
                  <td
                    class="MuiTableCell-root MuiTableCell-body MuiTableCell-alignCenter MuiTableCell-sizeMedium css-3ybl5n-MuiTableCell-root"
                  >
                    NBA
                  </td>
                  <td
                    class="MuiTableCell-root MuiTableCell-body MuiTableCell-alignCenter MuiTableCell-sizeMedium css-3ybl5n-MuiTableCell-root"
                  >
                    LeBron James
                  </td>
                  <td
                    class="MuiTableCell-root MuiTableCell-body MuiTableCell-alignCenter MuiTableCell-sizeMedium css-3ybl5n-MuiTableCell-root"
                  >
                    Points
                  </td>
                  <td
                    class="MuiTableCell-root MuiTableCell-body MuiTableCell-alignCenter MuiTableCell-sizeMedium css-3ybl5n-MuiTableCell-root"
                  >
                    LAL @ DEN
                  </td>
                  <td
                    class="MuiTableCell-root MuiTableCell-body MuiTableCell-alignCenter MuiTableCell-sizeMedium css-3ybl5n-MuiTableCell-root"
                  >
                    35
                  </td>
                  <td
                    class="MuiTableCell-root MuiTableCell-body MuiTableCell-alignCenter MuiTableCell-sizeMedium css-3ybl5n-MuiTableCell-root"
                  />
                  <td
                    class="MuiTableCell-root MuiTableCell-body MuiTableCell-alignCenter MuiTableCell-sizeMedium css-3ybl5n-MuiTableCell-root"
                  >
                    -120
                  </td>
                  <td
                    class="MuiTableCell-root MuiTableCell-body MuiTableCell-alignCenter MuiTableCell-sizeMedium css-3ybl5n-MuiTableCell-root"
                  >
                    100
                  </td>
                  <td
                    class="MuiTableCell-root MuiTableCell-body MuiTableCell-alignCenter MuiTableCell-sizeMedium css-3ybl5n-MuiTableCell-root"
                  >
                    <button
                      class="MuiTypography-root MuiTypography-inherit MuiLink-root MuiLink-underlineHover MuiLink-button css-1uxlxyf-MuiTypography-root-MuiLink-root"
                    >
                      <span>
                        4
                         (
                        $10.00
                        )
                      </span>
                    </button>
                  </td>
                  <td
                    class="MuiTableCell-root MuiTableCell-body MuiTableCell-alignCenter MuiTableCell-sizeMedium css-3ybl5n-MuiTableCell-root"
                  >
                    <button
                      class="MuiTypography-root MuiTypography-inherit MuiLink-root MuiLink-underlineHover MuiLink-button css-1uxlxyf-MuiTypography-root-MuiLink-root"
                    >
                      <span>
                        2
                         (
                        $0.00
                        )
                      </span>
                    </button>
                  </td>
                  <td
                    class="MuiTableCell-root MuiTableCell-body MuiTableCell-alignCenter MuiTableCell-sizeMedium css-3ybl5n-MuiTableCell-root"
                  >
                    2023-01-23 15:00 PM
                  </td>
                  <td
                    class="MuiTableCell-root MuiTableCell-body MuiTableCell-alignCenter MuiTableCell-sizeMedium css-3ybl5n-MuiTableCell-root"
                  >
                    Scheduled
                  </td>
                </tr>
              </tbody>
            </table>
          </div>
        </div>
      </div>
    </div>
  </div>,
  "debug": [Function],
  "findAllByAltText": [Function],
  "findAllByDisplayValue": [Function],
  "findAllByLabelText": [Function],
  "findAllByPlaceholderText": [Function],
  "findAllByRole": [Function],
  "findAllByTestId": [Function],
  "findAllByText": [Function],
  "findAllByTitle": [Function],
  "findByAltText": [Function],
  "findByDisplayValue": [Function],
  "findByLabelText": [Function],
  "findByPlaceholderText": [Function],
  "findByRole": [Function],
  "findByTestId": [Function],
  "findByText": [Function],
  "findByTitle": [Function],
  "getAllByAltText": [Function],
  "getAllByDisplayValue": [Function],
  "getAllByLabelText": [Function],
  "getAllByPlaceholderText": [Function],
  "getAllByRole": [Function],
  "getAllByTestId": [Function],
  "getAllByText": [Function],
  "getAllByTitle": [Function],
  "getByAltText": [Function],
  "getByDisplayValue": [Function],
  "getByLabelText": [Function],
  "getByPlaceholderText": [Function],
  "getByRole": [Function],
  "getByTestId": [Function],
  "getByText": [Function],
  "getByTitle": [Function],
  "queryAllByAltText": [Function],
  "queryAllByDisplayValue": [Function],
  "queryAllByLabelText": [Function],
  "queryAllByPlaceholderText": [Function],
  "queryAllByRole": [Function],
  "queryAllByTestId": [Function],
  "queryAllByText": [Function],
  "queryAllByTitle": [Function],
  "queryByAltText": [Function],
  "queryByDisplayValue": [Function],
  "queryByLabelText": [Function],
  "queryByPlaceholderText": [Function],
  "queryByRole": [Function],
  "queryByTestId": [Function],
  "queryByText": [Function],
  "queryByTitle": [Function],
  "rerender": [Function],
  "unmount": [Function],
}
`;
