// Jest Snapshot v1, https://goo.gl/fbAQLP

exports[`AmountCellContent should render correctly 1`] = `
<div>
  <button
    class="MuiTypography-root MuiTypography-inherit MuiLink-root MuiLink-underlineHover MuiLink-button css-1akz8jj-MuiTypography-root-MuiLink-root"
  >
    <span>
      110.00
    </span>
  </button>
</div>
`;
