// Jest Snapshot v1, https://goo.gl/fbAQLP

exports[`AdminBreadCrumb should render 1`] = `
<div>
  <nav
    aria-label="breadcrumb"
    class="MuiTypography-root MuiTypography-body1 MuiBreadcrumbs-root bg-gray-200 px-6 py-2 css-63vwl1-MuiTypography-root-MuiBreadcrumbs-root"
  >
    <ol
      class="MuiBreadcrumbs-ol css-4pdmu4-MuiBreadcrumbs-ol"
    >
      <li
        class="MuiBreadcrumbs-li"
      >
        <a
          class="MuiTypography-root MuiTypography-inherit MuiLink-root MuiLink-underlineHover css-1f2xi7l-MuiTypography-root-MuiLink-root"
          href="/admin"
        >
          <svg
            aria-hidden="true"
            class="MuiSvgIcon-root MuiSvgIcon-fontSizeInherit css-1vnn4cn-MuiSvgIcon-root"
            data-testid="HomeIcon"
            focusable="false"
            viewBox="0 0 24 24"
          >
            <path
              d="M10 20v-6h4v6h5v-8h3L12 3 2 12h3v8z"
            />
          </svg>
          Home
        </a>
      </li>
      <li
        aria-hidden="true"
        class="MuiBreadcrumbs-separator css-1wuw8dw-MuiBreadcrumbs-separator"
      >
        <svg
          aria-hidden="true"
          class="MuiSvgIcon-root MuiSvgIcon-fontSizeSmall css-ptiqhd-MuiSvgIcon-root"
          data-testid="NavigateNextIcon"
          focusable="false"
          viewBox="0 0 24 24"
        >
          <path
            d="M10 6 8.59 7.41 13.17 12l-4.58 4.59L10 18l6-6z"
          />
        </svg>
      </li>
      <li
        class="MuiBreadcrumbs-li"
      >
        <a
          class="MuiTypography-root MuiTypography-inherit MuiLink-root MuiLink-underlineHover css-1f2xi7l-MuiTypography-root-MuiLink-root"
          href=""
        />
      </li>
    </ol>
  </nav>
</div>
`;
