// Jest Snapshot v1, https://goo.gl/fbAQLP

exports[`RewardCard should render 1`] = `
<div>
  <div
    class="flex flex-row gap-4 justify-start items-center bg-[#1a395b] p-4 rounded-lg cursor-pointer"
  >
    <img
      alt="Gift"
      class="object-cover w-28 h-28"
      src="/assets/images/ico_gift_w_block.svg"
    />
    <div
      class="flex flex-col gap-2 max-w-[300px]"
    >
      <span
        class="text-white text-3xl font-bold"
      >
        $
        50
      </span>
      <span
        class="text-justify text-[#69A4F3]"
      >
        LockSpread will match your first deposit up to $200!
      </span>
    </div>
  </div>
</div>
`;
